// Jest Snapshot v1, https://goo.gl/fbAQLP

exports[`matches snapshot 1`] = `
<div
  className="container"
  data-testid="country-page"
>
  <div
    className="text-center jumbotron"
  >
    <h2
      className="font-weight-bolder"
    >
      University List by Country
    </h2>
    <hr
      className="my-4"
    />
    <p
      className="lead"
    >
      You can see the list of University from the specific Country by input the Country name.
    </p>
    <div
      className="text-center"
      data-testid="search-field"
    >
      <div
        className="d-flex"
      >
        <input
          className="mr-2 form-control"
          name="country"
          onChange={[Function]}
          placeholder="Input country name..."
          type="text"
        />
        <button
          aria-label={null}
          className="btn btn-outline-primary"
          data-testid="search-button"
          onClick={[Function]}
          type="button"
        >
          Search
        </button>
      </div>
    </div>
  </div>
</div>
`;
