// Jest Snapshot v1, https://goo.gl/fbAQLP

exports[`matches snapshot 1`] = `
<div
  className="d-flex"
>
  <input
    className="mr-2 form-control"
    name="default name"
    onChange={[Function]}
    placeholder="default placeholder"
    type="text"
  />
  <button
    aria-label={null}
    className="btn btn-outline-primary"
    data-testid="search-button"
    onClick={[Function]}
    type="button"
  >
    Search
  </button>
</div>
`;
